// Jest Snapshot v1, https://goo.gl/fbAQLP

exports[`Timeline integration test should deterministically produce a timeline artifact 1`] = `"[{\\"name\\":\\"process_name\\",\\"pid\\":0,\\"tid\\":\\"1\\",\\"ts\\":1000,\\"ph\\":\\"M\\",\\"args\\":{\\"name\\":\\"detox\\"}},{\\"name\\":\\"thread_name\\",\\"pid\\":0,\\"tid\\":\\"1\\",\\"ts\\":1000,\\"ph\\":\\"M\\",\\"args\\":{\\"name\\":\\"Worker #1\\"}},{\\"name\\":\\"detoxInit\\",\\"pid\\":0,\\"tid\\":\\"1\\",\\"ts\\":1100,\\"ph\\":\\"B\\",\\"args\\":{}},{\\"name\\":\\"acquireDevice\\",\\"pid\\":0,\\"tid\\":\\"1\\",\\"ts\\":1200,\\"ph\\":\\"B\\",\\"args\\":{}},{\\"name\\":\\"acquireDevice\\",\\"pid\\":0,\\"tid\\":\\"1\\",\\"ts\\":1300,\\"ph\\":\\"E\\",\\"args\\":{\\"success\\":true}},{\\"name\\":\\"appUninstall\\",\\"pid\\":0,\\"tid\\":\\"1\\",\\"ts\\":1400,\\"ph\\":\\"B\\",\\"args\\":{}},{\\"name\\":\\"appUninstall\\",\\"pid\\":0,\\"tid\\":\\"1\\",\\"ts\\":1500,\\"ph\\":\\"E\\",\\"args\\":{\\"success\\":true}},{\\"name\\":\\"appInstall\\",\\"pid\\":0,\\"tid\\":\\"1\\",\\"ts\\":1600,\\"ph\\":\\"B\\",\\"args\\":{}},{\\"name\\":\\"appInstall\\",\\"pid\\":0,\\"tid\\":\\"1\\",\\"ts\\":1700,\\"ph\\":\\"E\\",\\"args\\":{\\"success\\":true}},{\\"name\\":\\"launchApp\\",\\"pid\\":0,\\"tid\\":\\"1\\",\\"ts\\":1800,\\"ph\\":\\"B\\",\\"args\\":{}},{\\"name\\":\\"launchApp\\",\\"pid\\":0,\\"tid\\":\\"1\\",\\"ts\\":1900,\\"ph\\":\\"E\\",\\"args\\":{\\"success\\":true}},{\\"name\\":\\"detoxInit\\",\\"pid\\":0,\\"tid\\":\\"1\\",\\"ts\\":2000,\\"ph\\":\\"E\\",\\"args\\":{\\"success\\":true}},{\\"name\\":\\"StubDevice#1\\",\\"pid\\":0,\\"tid\\":\\"1\\",\\"ts\\":2100,\\"ph\\":\\"B\\",\\"args\\":{}},{\\"name\\":\\"Stub1\\",\\"pid\\":0,\\"tid\\":\\"1\\",\\"ts\\":2200,\\"ph\\":\\"B\\",\\"args\\":{}},{\\"name\\":\\"should have welcome screen\\",\\"pid\\":0,\\"tid\\":\\"1\\",\\"ts\\":2300,\\"ph\\":\\"B\\",\\"args\\":{}},{\\"name\\":\\"reloadRN\\",\\"pid\\":0,\\"tid\\":\\"1\\",\\"ts\\":2400,\\"ph\\":\\"B\\",\\"args\\":{}},{\\"name\\":\\"reloadRN\\",\\"pid\\":0,\\"tid\\":\\"1\\",\\"ts\\":2500,\\"ph\\":\\"E\\",\\"args\\":{\\"success\\":true}},{\\"name\\":\\"should have welcome screen\\",\\"pid\\":0,\\"tid\\":\\"1\\",\\"ts\\":2600,\\"ph\\":\\"E\\",\\"args\\":{\\"status\\":\\"failed\\"}},{\\"name\\":\\"Stub1\\",\\"pid\\":0,\\"tid\\":\\"1\\",\\"ts\\":2700,\\"ph\\":\\"E\\",\\"args\\":{}},{\\"name\\":\\"StubDevice#1\\",\\"pid\\":0,\\"tid\\":\\"1\\",\\"ts\\":2800,\\"ph\\":\\"E\\",\\"args\\":{}},{\\"name\\":\\"process_name\\",\\"pid\\":0,\\"tid\\":\\"2\\",\\"ts\\":1000,\\"ph\\":\\"M\\",\\"args\\":{\\"name\\":\\"detox\\"}},{\\"name\\":\\"thread_name\\",\\"pid\\":0,\\"tid\\":\\"2\\",\\"ts\\":1000,\\"ph\\":\\"M\\",\\"args\\":{\\"name\\":\\"Worker #2\\"}},{\\"name\\":\\"detoxInit\\",\\"pid\\":0,\\"tid\\":\\"2\\",\\"ts\\":1100,\\"ph\\":\\"B\\",\\"args\\":{}},{\\"name\\":\\"acquireDevice\\",\\"pid\\":0,\\"tid\\":\\"2\\",\\"ts\\":1200,\\"ph\\":\\"B\\",\\"args\\":{}},{\\"name\\":\\"acquireDevice\\",\\"pid\\":0,\\"tid\\":\\"2\\",\\"ts\\":1300,\\"ph\\":\\"E\\",\\"args\\":{\\"success\\":true}},{\\"name\\":\\"appUninstall\\",\\"pid\\":0,\\"tid\\":\\"2\\",\\"ts\\":1400,\\"ph\\":\\"B\\",\\"args\\":{}},{\\"name\\":\\"appUninstall\\",\\"pid\\":0,\\"tid\\":\\"2\\",\\"ts\\":1500,\\"ph\\":\\"E\\",\\"args\\":{\\"success\\":true}},{\\"name\\":\\"appInstall\\",\\"pid\\":0,\\"tid\\":\\"2\\",\\"ts\\":1600,\\"ph\\":\\"B\\",\\"args\\":{}},{\\"name\\":\\"appInstall\\",\\"pid\\":0,\\"tid\\":\\"2\\",\\"ts\\":1700,\\"ph\\":\\"E\\",\\"args\\":{\\"success\\":true}},{\\"name\\":\\"launchApp\\",\\"pid\\":0,\\"tid\\":\\"2\\",\\"ts\\":1800,\\"ph\\":\\"B\\",\\"args\\":{}},{\\"name\\":\\"launchApp\\",\\"pid\\":0,\\"tid\\":\\"2\\",\\"ts\\":1900,\\"ph\\":\\"E\\",\\"args\\":{\\"success\\":true}},{\\"name\\":\\"detoxInit\\",\\"pid\\":0,\\"tid\\":\\"2\\",\\"ts\\":2000,\\"ph\\":\\"E\\",\\"args\\":{\\"success\\":true}},{\\"name\\":\\"StubDevice#2\\",\\"pid\\":0,\\"tid\\":\\"2\\",\\"ts\\":2100,\\"ph\\":\\"B\\",\\"args\\":{}},{\\"name\\":\\"Stub3\\",\\"pid\\":0,\\"tid\\":\\"2\\",\\"ts\\":2200,\\"ph\\":\\"B\\",\\"args\\":{}},{\\"name\\":\\"should have welcome screen\\",\\"pid\\":0,\\"tid\\":\\"2\\",\\"ts\\":2300,\\"ph\\":\\"B\\",\\"args\\":{}},{\\"name\\":\\"reloadRN\\",\\"pid\\":0,\\"tid\\":\\"2\\",\\"ts\\":2400,\\"ph\\":\\"B\\",\\"args\\":{}},{\\"name\\":\\"reloadRN\\",\\"pid\\":0,\\"tid\\":\\"2\\",\\"ts\\":2500,\\"ph\\":\\"E\\",\\"args\\":{\\"success\\":true}},{\\"name\\":\\"should have welcome screen\\",\\"pid\\":0,\\"tid\\":\\"2\\",\\"ts\\":2600,\\"ph\\":\\"E\\",\\"args\\":{\\"status\\":\\"passed\\"}},{\\"name\\":\\"should show hello screen after tap\\",\\"pid\\":0,\\"tid\\":\\"2\\",\\"ts\\":2700,\\"ph\\":\\"B\\",\\"args\\":{}},{\\"name\\":\\"reloadRN\\",\\"pid\\":0,\\"tid\\":\\"2\\",\\"ts\\":2800,\\"ph\\":\\"B\\",\\"args\\":{}},{\\"name\\":\\"reloadRN\\",\\"pid\\":0,\\"tid\\":\\"2\\",\\"ts\\":2900,\\"ph\\":\\"E\\",\\"args\\":{\\"success\\":true}},{\\"name\\":\\"should show hello screen after tap\\",\\"pid\\":0,\\"tid\\":\\"2\\",\\"ts\\":3000,\\"ph\\":\\"E\\",\\"args\\":{\\"status\\":\\"passed\\"}},{\\"name\\":\\"should show world screen after tap\\",\\"pid\\":0,\\"tid\\":\\"2\\",\\"ts\\":3100,\\"ph\\":\\"B\\",\\"args\\":{}},{\\"name\\":\\"reloadRN\\",\\"pid\\":0,\\"tid\\":\\"2\\",\\"ts\\":3200,\\"ph\\":\\"B\\",\\"args\\":{}},{\\"name\\":\\"reloadRN\\",\\"pid\\":0,\\"tid\\":\\"2\\",\\"ts\\":3300,\\"ph\\":\\"E\\",\\"args\\":{\\"success\\":true}},{\\"name\\":\\"should show world screen after tap\\",\\"pid\\":0,\\"tid\\":\\"2\\",\\"ts\\":3400,\\"ph\\":\\"E\\",\\"args\\":{\\"status\\":\\"passed\\"}},{\\"name\\":\\"Stub3\\",\\"pid\\":0,\\"tid\\":\\"2\\",\\"ts\\":3500,\\"ph\\":\\"E\\",\\"args\\":{}},{\\"name\\":\\"StubDevice#2\\",\\"pid\\":0,\\"tid\\":\\"2\\",\\"ts\\":3600,\\"ph\\":\\"E\\",\\"args\\":{}},{\\"name\\":\\"process_name\\",\\"pid\\":0,\\"tid\\":\\"1\\",\\"ts\\":2900,\\"ph\\":\\"M\\",\\"args\\":{\\"name\\":\\"detox\\"}},{\\"name\\":\\"thread_name\\",\\"pid\\":0,\\"tid\\":\\"1\\",\\"ts\\":2900,\\"ph\\":\\"M\\",\\"args\\":{\\"name\\":\\"Worker #1\\"}},{\\"name\\":\\"detoxInit\\",\\"pid\\":0,\\"tid\\":\\"1\\",\\"ts\\":3000,\\"ph\\":\\"B\\",\\"args\\":{}},{\\"name\\":\\"acquireDevice\\",\\"pid\\":0,\\"tid\\":\\"1\\",\\"ts\\":3100,\\"ph\\":\\"B\\",\\"args\\":{}},{\\"name\\":\\"acquireDevice\\",\\"pid\\":0,\\"tid\\":\\"1\\",\\"ts\\":3200,\\"ph\\":\\"E\\",\\"args\\":{\\"success\\":true}},{\\"name\\":\\"appUninstall\\",\\"pid\\":0,\\"tid\\":\\"1\\",\\"ts\\":3300,\\"ph\\":\\"B\\",\\"args\\":{}},{\\"name\\":\\"appUninstall\\",\\"pid\\":0,\\"tid\\":\\"1\\",\\"ts\\":3400,\\"ph\\":\\"E\\",\\"args\\":{\\"success\\":true}},{\\"name\\":\\"appInstall\\",\\"pid\\":0,\\"tid\\":\\"1\\",\\"ts\\":3500,\\"ph\\":\\"B\\",\\"args\\":{}},{\\"name\\":\\"appInstall\\",\\"pid\\":0,\\"tid\\":\\"1\\",\\"ts\\":3600,\\"ph\\":\\"E\\",\\"args\\":{\\"success\\":true}},{\\"name\\":\\"launchApp\\",\\"pid\\":0,\\"tid\\":\\"1\\",\\"ts\\":3700,\\"ph\\":\\"B\\",\\"args\\":{}},{\\"name\\":\\"launchApp\\",\\"pid\\":0,\\"tid\\":\\"1\\",\\"ts\\":3800,\\"ph\\":\\"E\\",\\"args\\":{\\"success\\":true}},{\\"name\\":\\"detoxInit\\",\\"pid\\":0,\\"tid\\":\\"1\\",\\"ts\\":3900,\\"ph\\":\\"E\\",\\"args\\":{\\"success\\":true}},{\\"name\\":\\"StubDevice#1\\",\\"pid\\":0,\\"tid\\":\\"1\\",\\"ts\\":4000,\\"ph\\":\\"B\\",\\"args\\":{}},{\\"name\\":\\"Stub2\\",\\"pid\\":0,\\"tid\\":\\"1\\",\\"ts\\":4100,\\"ph\\":\\"B\\",\\"args\\":{}},{\\"name\\":\\"should have welcome screen\\",\\"pid\\":0,\\"tid\\":\\"1\\",\\"ts\\":4200,\\"ph\\":\\"B\\",\\"args\\":{}},{\\"name\\":\\"reloadRN\\",\\"pid\\":0,\\"tid\\":\\"1\\",\\"ts\\":4300,\\"ph\\":\\"B\\",\\"args\\":{}},{\\"name\\":\\"reloadRN\\",\\"pid\\":0,\\"tid\\":\\"1\\",\\"ts\\":4400,\\"ph\\":\\"E\\",\\"args\\":{\\"success\\":true}},{\\"name\\":\\"should have welcome screen\\",\\"pid\\":0,\\"tid\\":\\"1\\",\\"ts\\":4500,\\"ph\\":\\"E\\",\\"args\\":{\\"status\\":\\"passed\\"}},{\\"name\\":\\"should show hello screen after tap\\",\\"pid\\":0,\\"tid\\":\\"1\\",\\"ts\\":4600,\\"ph\\":\\"B\\",\\"args\\":{}},{\\"name\\":\\"reloadRN\\",\\"pid\\":0,\\"tid\\":\\"1\\",\\"ts\\":4700,\\"ph\\":\\"B\\",\\"args\\":{}},{\\"name\\":\\"reloadRN\\",\\"pid\\":0,\\"tid\\":\\"1\\",\\"ts\\":4800,\\"ph\\":\\"E\\",\\"args\\":{\\"success\\":true}},{\\"name\\":\\"should show hello screen after tap\\",\\"pid\\":0,\\"tid\\":\\"1\\",\\"ts\\":4900,\\"ph\\":\\"E\\",\\"args\\":{\\"status\\":\\"passed\\"}},{\\"name\\":\\"Stub2\\",\\"pid\\":0,\\"tid\\":\\"1\\",\\"ts\\":5000,\\"ph\\":\\"E\\",\\"args\\":{}},{\\"name\\":\\"StubDevice#1\\",\\"pid\\":0,\\"tid\\":\\"1\\",\\"ts\\":5100,\\"ph\\":\\"E\\",\\"args\\":{}}"`;
